/Users/ikhalid/Library/Python/3.9/lib/python/site-packages/urllib3/__init__.py:35: NotOpenSSLWarning: urllib3 v2 only supports OpenSSL 1.1.1+, currently the 'ssl' module is compiled with 'LibreSSL 2.8.3'. See: https://github.com/urllib3/urllib3/issues/3020
  warnings.warn(
Traceback (most recent call last):
  File "/Users/ikhalid/kalshi-bot/monitor.py", line 171, in <module>
    main()
  File "/Users/ikhalid/kalshi-bot/monitor.py", line 50, in main
    client = KalshiClient(
  File "/Users/ikhalid/kalshi-bot/kalshi_client.py", line 20, in __init__
    with open(private_key_path, "r") as f:
PermissionError: [Errno 1] Operation not permitted: '/Users/ikhalid/Downloads/Isa Investing Key.txt'
/Users/ikhalid/Library/Python/3.9/lib/python/site-packages/urllib3/__init__.py:35: NotOpenSSLWarning: urllib3 v2 only supports OpenSSL 1.1.1+, currently the 'ssl' module is compiled with 'LibreSSL 2.8.3'. See: https://github.com/urllib3/urllib3/issues/3020
  warnings.warn(
Traceback (most recent call last):
  File "/Users/ikhalid/kalshi-bot/monitor.py", line 171, in <module>
    main()
  File "/Users/ikhalid/kalshi-bot/monitor.py", line 50, in main
    client = KalshiClient(
  File "/Users/ikhalid/kalshi-bot/kalshi_client.py", line 20, in __init__
    with open(private_key_path, "r") as f:
PermissionError: [Errno 1] Operation not permitted: '/Users/ikhalid/Downloads/Isa Investing Key.txt'
/Users/ikhalid/Library/Python/3.9/lib/python/site-packages/urllib3/__init__.py:35: NotOpenSSLWarning: urllib3 v2 only supports OpenSSL 1.1.1+, currently the 'ssl' module is compiled with 'LibreSSL 2.8.3'. See: https://github.com/urllib3/urllib3/issues/3020
  warnings.warn(
Traceback (most recent call last):
  File "/Users/ikhalid/kalshi-bot/monitor.py", line 171, in <module>
    main()
  File "/Users/ikhalid/kalshi-bot/monitor.py", line 50, in main
    client = KalshiClient(
  File "/Users/ikhalid/kalshi-bot/kalshi_client.py", line 20, in __init__
    with open(private_key_path, "r") as f:
PermissionError: [Errno 1] Operation not permitted: '/Users/ikhalid/Downloads/Isa Investing Key.txt'
/Users/ikhalid/Library/Python/3.9/lib/python/site-packages/urllib3/__init__.py:35: NotOpenSSLWarning: urllib3 v2 only supports OpenSSL 1.1.1+, currently the 'ssl' module is compiled with 'LibreSSL 2.8.3'. See: https://github.com/urllib3/urllib3/issues/3020
  warnings.warn(
Traceback (most recent call last):
  File "/Users/ikhalid/kalshi-bot/monitor.py", line 171, in <module>
    main()
  File "/Users/ikhalid/kalshi-bot/monitor.py", line 50, in main
    client = KalshiClient(
  File "/Users/ikhalid/kalshi-bot/kalshi_client.py", line 20, in __init__
    with open(private_key_path, "r") as f:
PermissionError: [Errno 1] Operation not permitted: '/Users/ikhalid/Downloads/Isa Investing Key.txt'
/Users/ikhalid/Library/Python/3.9/lib/python/site-packages/urllib3/__init__.py:35: NotOpenSSLWarning: urllib3 v2 only supports OpenSSL 1.1.1+, currently the 'ssl' module is compiled with 'LibreSSL 2.8.3'. See: https://github.com/urllib3/urllib3/issues/3020
  warnings.warn(
Traceback (most recent call last):
  File "/Users/ikhalid/kalshi-bot/monitor.py", line 171, in <module>
    main()
  File "/Users/ikhalid/kalshi-bot/monitor.py", line 50, in main
    client = KalshiClient(
  File "/Users/ikhalid/kalshi-bot/kalshi_client.py", line 20, in __init__
    with open(private_key_path, "r") as f:
PermissionError: [Errno 1] Operation not permitted: '/Users/ikhalid/Downloads/Isa Investing Key.txt'
/Users/ikhalid/Library/Python/3.9/lib/python/site-packages/urllib3/__init__.py:35: NotOpenSSLWarning: urllib3 v2 only supports OpenSSL 1.1.1+, currently the 'ssl' module is compiled with 'LibreSSL 2.8.3'. See: https://github.com/urllib3/urllib3/issues/3020
  warnings.warn(
Traceback (most recent call last):
  File "/Users/ikhalid/kalshi-bot/monitor.py", line 171, in <module>
    main()
  File "/Users/ikhalid/kalshi-bot/monitor.py", line 50, in main
    client = KalshiClient(
  File "/Users/ikhalid/kalshi-bot/kalshi_client.py", line 20, in __init__
    with open(private_key_path, "r") as f:
PermissionError: [Errno 1] Operation not permitted: '/Users/ikhalid/Downloads/Isa Investing Key.txt'
/Users/ikhalid/Library/Python/3.9/lib/python/site-packages/urllib3/__init__.py:35: NotOpenSSLWarning: urllib3 v2 only supports OpenSSL 1.1.1+, currently the 'ssl' module is compiled with 'LibreSSL 2.8.3'. See: https://github.com/urllib3/urllib3/issues/3020
  warnings.warn(
Traceback (most recent call last):
  File "/Users/ikhalid/kalshi-bot/monitor.py", line 171, in <module>
    main()
  File "/Users/ikhalid/kalshi-bot/monitor.py", line 50, in main
    client = KalshiClient(
  File "/Users/ikhalid/kalshi-bot/kalshi_client.py", line 20, in __init__
    with open(private_key_path, "r") as f:
PermissionError: [Errno 1] Operation not permitted: '/Users/ikhalid/Downloads/Isa Investing Key.txt'
/Users/ikhalid/Library/Python/3.9/lib/python/site-packages/urllib3/__init__.py:35: NotOpenSSLWarning: urllib3 v2 only supports OpenSSL 1.1.1+, currently the 'ssl' module is compiled with 'LibreSSL 2.8.3'. See: https://github.com/urllib3/urllib3/issues/3020
  warnings.warn(
Traceback (most recent call last):
  File "/Users/ikhalid/kalshi-bot/monitor.py", line 171, in <module>
    main()
  File "/Users/ikhalid/kalshi-bot/monitor.py", line 50, in main
    client = KalshiClient(
  File "/Users/ikhalid/kalshi-bot/kalshi_client.py", line 20, in __init__
    with open(private_key_path, "r") as f:
PermissionError: [Errno 1] Operation not permitted: '/Users/ikhalid/Downloads/Isa Investing Key.txt'
/Users/ikhalid/Library/Python/3.9/lib/python/site-packages/urllib3/__init__.py:35: NotOpenSSLWarning: urllib3 v2 only supports OpenSSL 1.1.1+, currently the 'ssl' module is compiled with 'LibreSSL 2.8.3'. See: https://github.com/urllib3/urllib3/issues/3020
  warnings.warn(
Traceback (most recent call last):
  File "/Users/ikhalid/kalshi-bot/monitor.py", line 171, in <module>
    main()
  File "/Users/ikhalid/kalshi-bot/monitor.py", line 50, in main
    client = KalshiClient(
  File "/Users/ikhalid/kalshi-bot/kalshi_client.py", line 20, in __init__
    with open(private_key_path, "r") as f:
PermissionError: [Errno 1] Operation not permitted: '/Users/ikhalid/Downloads/Isa Investing Key.txt'
/Users/ikhalid/Library/Python/3.9/lib/python/site-packages/urllib3/__init__.py:35: NotOpenSSLWarning: urllib3 v2 only supports OpenSSL 1.1.1+, currently the 'ssl' module is compiled with 'LibreSSL 2.8.3'. See: https://github.com/urllib3/urllib3/issues/3020
  warnings.warn(
Traceback (most recent call last):
  File "/Users/ikhalid/kalshi-bot/monitor.py", line 171, in <module>
    main()
  File "/Users/ikhalid/kalshi-bot/monitor.py", line 50, in main
    client = KalshiClient(
  File "/Users/ikhalid/kalshi-bot/kalshi_client.py", line 20, in __init__
    with open(private_key_path, "r") as f:
PermissionError: [Errno 1] Operation not permitted: '/Users/ikhalid/Downloads/Isa Investing Key.txt'
/Users/ikhalid/Library/Python/3.9/lib/python/site-packages/urllib3/__init__.py:35: NotOpenSSLWarning: urllib3 v2 only supports OpenSSL 1.1.1+, currently the 'ssl' module is compiled with 'LibreSSL 2.8.3'. See: https://github.com/urllib3/urllib3/issues/3020
  warnings.warn(
Traceback (most recent call last):
  File "/Users/ikhalid/kalshi-bot/monitor.py", line 171, in <module>
    main()
  File "/Users/ikhalid/kalshi-bot/monitor.py", line 50, in main
    client = KalshiClient(
  File "/Users/ikhalid/kalshi-bot/kalshi_client.py", line 20, in __init__
    with open(private_key_path, "r") as f:
PermissionError: [Errno 1] Operation not permitted: '/Users/ikhalid/Downloads/Isa Investing Key.txt'
/Users/ikhalid/Library/Python/3.9/lib/python/site-packages/urllib3/__init__.py:35: NotOpenSSLWarning: urllib3 v2 only supports OpenSSL 1.1.1+, currently the 'ssl' module is compiled with 'LibreSSL 2.8.3'. See: https://github.com/urllib3/urllib3/issues/3020
  warnings.warn(
Traceback (most recent call last):
  File "/Users/ikhalid/kalshi-bot/monitor.py", line 171, in <module>
    main()
  File "/Users/ikhalid/kalshi-bot/monitor.py", line 50, in main
    client = KalshiClient(
  File "/Users/ikhalid/kalshi-bot/kalshi_client.py", line 20, in __init__
    with open(private_key_path, "r") as f:
PermissionError: [Errno 1] Operation not permitted: '/Users/ikhalid/Downloads/Isa Investing Key.txt'
/Users/ikhalid/Library/Python/3.9/lib/python/site-packages/urllib3/__init__.py:35: NotOpenSSLWarning: urllib3 v2 only supports OpenSSL 1.1.1+, currently the 'ssl' module is compiled with 'LibreSSL 2.8.3'. See: https://github.com/urllib3/urllib3/issues/3020
  warnings.warn(
Traceback (most recent call last):
  File "/Users/ikhalid/kalshi-bot/monitor.py", line 171, in <module>
    main()
  File "/Users/ikhalid/kalshi-bot/monitor.py", line 50, in main
    client = KalshiClient(
  File "/Users/ikhalid/kalshi-bot/kalshi_client.py", line 20, in __init__
    with open(private_key_path, "r") as f:
PermissionError: [Errno 1] Operation not permitted: '/Users/ikhalid/Downloads/Isa Investing Key.txt'
/Users/ikhalid/Library/Python/3.9/lib/python/site-packages/urllib3/__init__.py:35: NotOpenSSLWarning: urllib3 v2 only supports OpenSSL 1.1.1+, currently the 'ssl' module is compiled with 'LibreSSL 2.8.3'. See: https://github.com/urllib3/urllib3/issues/3020
  warnings.warn(
Traceback (most recent call last):
  File "/Users/ikhalid/kalshi-bot/monitor.py", line 171, in <module>
    main()
  File "/Users/ikhalid/kalshi-bot/monitor.py", line 50, in main
    client = KalshiClient(
  File "/Users/ikhalid/kalshi-bot/kalshi_client.py", line 20, in __init__
    with open(private_key_path, "r") as f:
PermissionError: [Errno 1] Operation not permitted: '/Users/ikhalid/Downloads/Isa Investing Key.txt'
/Users/ikhalid/Library/Python/3.9/lib/python/site-packages/urllib3/__init__.py:35: NotOpenSSLWarning: urllib3 v2 only supports OpenSSL 1.1.1+, currently the 'ssl' module is compiled with 'LibreSSL 2.8.3'. See: https://github.com/urllib3/urllib3/issues/3020
  warnings.warn(
Traceback (most recent call last):
  File "/Users/ikhalid/kalshi-bot/monitor.py", line 171, in <module>
    main()
  File "/Users/ikhalid/kalshi-bot/monitor.py", line 50, in main
    client = KalshiClient(
  File "/Users/ikhalid/kalshi-bot/kalshi_client.py", line 20, in __init__
    with open(private_key_path, "r") as f:
PermissionError: [Errno 1] Operation not permitted: '/Users/ikhalid/Downloads/Isa Investing Key.txt'
/Users/ikhalid/Library/Python/3.9/lib/python/site-packages/urllib3/__init__.py:35: NotOpenSSLWarning: urllib3 v2 only supports OpenSSL 1.1.1+, currently the 'ssl' module is compiled with 'LibreSSL 2.8.3'. See: https://github.com/urllib3/urllib3/issues/3020
  warnings.warn(
Traceback (most recent call last):
  File "/Users/ikhalid/kalshi-bot/monitor.py", line 171, in <module>
    main()
  File "/Users/ikhalid/kalshi-bot/monitor.py", line 50, in main
    client = KalshiClient(
  File "/Users/ikhalid/kalshi-bot/kalshi_client.py", line 20, in __init__
    with open(private_key_path, "r") as f:
PermissionError: [Errno 1] Operation not permitted: '/Users/ikhalid/Downloads/Isa Investing Key.txt'
/Users/ikhalid/Library/Python/3.9/lib/python/site-packages/urllib3/__init__.py:35: NotOpenSSLWarning: urllib3 v2 only supports OpenSSL 1.1.1+, currently the 'ssl' module is compiled with 'LibreSSL 2.8.3'. See: https://github.com/urllib3/urllib3/issues/3020
  warnings.warn(
Traceback (most recent call last):
  File "/Users/ikhalid/kalshi-bot/monitor.py", line 171, in <module>
    main()
  File "/Users/ikhalid/kalshi-bot/monitor.py", line 50, in main
    client = KalshiClient(
  File "/Users/ikhalid/kalshi-bot/kalshi_client.py", line 20, in __init__
    with open(private_key_path, "r") as f:
PermissionError: [Errno 1] Operation not permitted: '/Users/ikhalid/Downloads/Isa Investing Key.txt'
/Users/ikhalid/Library/Python/3.9/lib/python/site-packages/urllib3/__init__.py:35: NotOpenSSLWarning: urllib3 v2 only supports OpenSSL 1.1.1+, currently the 'ssl' module is compiled with 'LibreSSL 2.8.3'. See: https://github.com/urllib3/urllib3/issues/3020
  warnings.warn(
Traceback (most recent call last):
  File "/Users/ikhalid/kalshi-bot/monitor.py", line 171, in <module>
    main()
  File "/Users/ikhalid/kalshi-bot/monitor.py", line 50, in main
    client = KalshiClient(
  File "/Users/ikhalid/kalshi-bot/kalshi_client.py", line 20, in __init__
    with open(private_key_path, "r") as f:
PermissionError: [Errno 1] Operation not permitted: '/Users/ikhalid/Downloads/Isa Investing Key.txt'
/Users/ikhalid/Library/Python/3.9/lib/python/site-packages/urllib3/__init__.py:35: NotOpenSSLWarning: urllib3 v2 only supports OpenSSL 1.1.1+, currently the 'ssl' module is compiled with 'LibreSSL 2.8.3'. See: https://github.com/urllib3/urllib3/issues/3020
  warnings.warn(
Traceback (most recent call last):
  File "/Users/ikhalid/kalshi-bot/monitor.py", line 171, in <module>
    main()
  File "/Users/ikhalid/kalshi-bot/monitor.py", line 50, in main
    client = KalshiClient(
  File "/Users/ikhalid/kalshi-bot/kalshi_client.py", line 20, in __init__
    with open(private_key_path, "r") as f:
PermissionError: [Errno 1] Operation not permitted: '/Users/ikhalid/Downloads/Isa Investing Key.txt'
/Users/ikhalid/Library/Python/3.9/lib/python/site-packages/urllib3/__init__.py:35: NotOpenSSLWarning: urllib3 v2 only supports OpenSSL 1.1.1+, currently the 'ssl' module is compiled with 'LibreSSL 2.8.3'. See: https://github.com/urllib3/urllib3/issues/3020
  warnings.warn(
Traceback (most recent call last):
  File "/Users/ikhalid/kalshi-bot/monitor.py", line 171, in <module>
    main()
  File "/Users/ikhalid/kalshi-bot/monitor.py", line 50, in main
    client = KalshiClient(
  File "/Users/ikhalid/kalshi-bot/kalshi_client.py", line 20, in __init__
    with open(private_key_path, "r") as f:
PermissionError: [Errno 1] Operation not permitted: '/Users/ikhalid/Downloads/Isa Investing Key.txt'
/Users/ikhalid/Library/Python/3.9/lib/python/site-packages/urllib3/__init__.py:35: NotOpenSSLWarning: urllib3 v2 only supports OpenSSL 1.1.1+, currently the 'ssl' module is compiled with 'LibreSSL 2.8.3'. See: https://github.com/urllib3/urllib3/issues/3020
  warnings.warn(
Traceback (most recent call last):
  File "/Users/ikhalid/kalshi-bot/monitor.py", line 171, in <module>
    main()
  File "/Users/ikhalid/kalshi-bot/monitor.py", line 50, in main
    client = KalshiClient(
  File "/Users/ikhalid/kalshi-bot/kalshi_client.py", line 20, in __init__
    with open(private_key_path, "r") as f:
PermissionError: [Errno 1] Operation not permitted: '/Users/ikhalid/Downloads/Isa Investing Key.txt'
/Users/ikhalid/Library/Python/3.9/lib/python/site-packages/urllib3/__init__.py:35: NotOpenSSLWarning: urllib3 v2 only supports OpenSSL 1.1.1+, currently the 'ssl' module is compiled with 'LibreSSL 2.8.3'. See: https://github.com/urllib3/urllib3/issues/3020
  warnings.warn(
2026-03-24 16:30:02,072 [INFO] No new settlements
/Users/ikhalid/Library/Python/3.9/lib/python/site-packages/urllib3/__init__.py:35: NotOpenSSLWarning: urllib3 v2 only supports OpenSSL 1.1.1+, currently the 'ssl' module is compiled with 'LibreSSL 2.8.3'. See: https://github.com/urllib3/urllib3/issues/3020
  warnings.warn(
2026-03-24 16:35:01,797 [INFO] No new settlements
/Users/ikhalid/Library/Python/3.9/lib/python/site-packages/urllib3/__init__.py:35: NotOpenSSLWarning: urllib3 v2 only supports OpenSSL 1.1.1+, currently the 'ssl' module is compiled with 'LibreSSL 2.8.3'. See: https://github.com/urllib3/urllib3/issues/3020
  warnings.warn(
2026-03-24 16:40:01,400 [INFO] No new settlements
/Users/ikhalid/Library/Python/3.9/lib/python/site-packages/urllib3/__init__.py:35: NotOpenSSLWarning: urllib3 v2 only supports OpenSSL 1.1.1+, currently the 'ssl' module is compiled with 'LibreSSL 2.8.3'. See: https://github.com/urllib3/urllib3/issues/3020
  warnings.warn(
2026-03-24 16:45:02,116 [INFO] No new settlements
/Users/ikhalid/Library/Python/3.9/lib/python/site-packages/urllib3/__init__.py:35: NotOpenSSLWarning: urllib3 v2 only supports OpenSSL 1.1.1+, currently the 'ssl' module is compiled with 'LibreSSL 2.8.3'. See: https://github.com/urllib3/urllib3/issues/3020
  warnings.warn(
2026-03-24 16:50:01,855 [INFO] No new settlements
/Users/ikhalid/Library/Python/3.9/lib/python/site-packages/urllib3/__init__.py:35: NotOpenSSLWarning: urllib3 v2 only supports OpenSSL 1.1.1+, currently the 'ssl' module is compiled with 'LibreSSL 2.8.3'. See: https://github.com/urllib3/urllib3/issues/3020
  warnings.warn(
2026-03-24 16:55:01,442 [INFO] No new settlements
/Users/ikhalid/Library/Python/3.9/lib/python/site-packages/urllib3/__init__.py:35: NotOpenSSLWarning: urllib3 v2 only supports OpenSSL 1.1.1+, currently the 'ssl' module is compiled with 'LibreSSL 2.8.3'. See: https://github.com/urllib3/urllib3/issues/3020
  warnings.warn(
2026-03-24 17:00:02,303 [INFO] No new settlements
/Users/ikhalid/Library/Python/3.9/lib/python/site-packages/urllib3/__init__.py:35: NotOpenSSLWarning: urllib3 v2 only supports OpenSSL 1.1.1+, currently the 'ssl' module is compiled with 'LibreSSL 2.8.3'. See: https://github.com/urllib3/urllib3/issues/3020
  warnings.warn(
2026-03-24 17:00:02,548 [INFO] Fetching portfolio data...
2026-03-24 17:00:03,946 [INFO] Notification sent: Portfolio: $-119.60 today
2026-03-24 17:00:03,947 [INFO] Scanning watchlist...
2026-03-24 17:00:11,492 [INFO] Notification sent: Market Alert: 2 opportunities spotted
2026-03-24 17:00:11,494 [INFO] Found 2 opportunities
2026-03-24 17:00:11,496 [INFO] Daily update sent. Portfolio: $9608.13
/Users/ikhalid/Library/Python/3.9/lib/python/site-packages/urllib3/__init__.py:35: NotOpenSSLWarning: urllib3 v2 only supports OpenSSL 1.1.1+, currently the 'ssl' module is compiled with 'LibreSSL 2.8.3'. See: https://github.com/urllib3/urllib3/issues/3020
  warnings.warn(
2026-03-24 17:30:02,179 [INFO] No new settlements
/Users/ikhalid/Library/Python/3.9/lib/python/site-packages/urllib3/__init__.py:35: NotOpenSSLWarning: urllib3 v2 only supports OpenSSL 1.1.1+, currently the 'ssl' module is compiled with 'LibreSSL 2.8.3'. See: https://github.com/urllib3/urllib3/issues/3020
  warnings.warn(
2026-03-24 17:35:01,772 [INFO] No new settlements
/Users/ikhalid/Library/Python/3.9/lib/python/site-packages/urllib3/__init__.py:35: NotOpenSSLWarning: urllib3 v2 only supports OpenSSL 1.1.1+, currently the 'ssl' module is compiled with 'LibreSSL 2.8.3'. See: https://github.com/urllib3/urllib3/issues/3020
  warnings.warn(
2026-03-24 17:40:01,150 [INFO] No new settlements
/Users/ikhalid/Library/Python/3.9/lib/python/site-packages/urllib3/__init__.py:35: NotOpenSSLWarning: urllib3 v2 only supports OpenSSL 1.1.1+, currently the 'ssl' module is compiled with 'LibreSSL 2.8.3'. See: https://github.com/urllib3/urllib3/issues/3020
  warnings.warn(
2026-03-24 17:45:01,746 [INFO] No new settlements
/Users/ikhalid/Library/Python/3.9/lib/python/site-packages/urllib3/__init__.py:35: NotOpenSSLWarning: urllib3 v2 only supports OpenSSL 1.1.1+, currently the 'ssl' module is compiled with 'LibreSSL 2.8.3'. See: https://github.com/urllib3/urllib3/issues/3020
  warnings.warn(
2026-03-24 17:50:01,178 [INFO] No new settlements
/Users/ikhalid/Library/Python/3.9/lib/python/site-packages/urllib3/__init__.py:35: NotOpenSSLWarning: urllib3 v2 only supports OpenSSL 1.1.1+, currently the 'ssl' module is compiled with 'LibreSSL 2.8.3'. See: https://github.com/urllib3/urllib3/issues/3020
  warnings.warn(
2026-03-24 17:55:01,683 [INFO] No new settlements
/Users/ikhalid/Library/Python/3.9/lib/python/site-packages/urllib3/__init__.py:35: NotOpenSSLWarning: urllib3 v2 only supports OpenSSL 1.1.1+, currently the 'ssl' module is compiled with 'LibreSSL 2.8.3'. See: https://github.com/urllib3/urllib3/issues/3020
  warnings.warn(
2026-03-24 18:00:02,194 [INFO] No new settlements
/Users/ikhalid/Library/Python/3.9/lib/python/site-packages/urllib3/__init__.py:35: NotOpenSSLWarning: urllib3 v2 only supports OpenSSL 1.1.1+, currently the 'ssl' module is compiled with 'LibreSSL 2.8.3'. See: https://github.com/urllib3/urllib3/issues/3020
  warnings.warn(
2026-03-24 18:05:01,741 [INFO] No new settlements
/Users/ikhalid/Library/Python/3.9/lib/python/site-packages/urllib3/__init__.py:35: NotOpenSSLWarning: urllib3 v2 only supports OpenSSL 1.1.1+, currently the 'ssl' module is compiled with 'LibreSSL 2.8.3'. See: https://github.com/urllib3/urllib3/issues/3020
  warnings.warn(
2026-03-24 18:10:01,247 [INFO] No new settlements
/Users/ikhalid/Library/Python/3.9/lib/python/site-packages/urllib3/__init__.py:35: NotOpenSSLWarning: urllib3 v2 only supports OpenSSL 1.1.1+, currently the 'ssl' module is compiled with 'LibreSSL 2.8.3'. See: https://github.com/urllib3/urllib3/issues/3020
  warnings.warn(
2026-03-24 18:15:01,876 [INFO] No new settlements
/Users/ikhalid/Library/Python/3.9/lib/python/site-packages/urllib3/__init__.py:35: NotOpenSSLWarning: urllib3 v2 only supports OpenSSL 1.1.1+, currently the 'ssl' module is compiled with 'LibreSSL 2.8.3'. See: https://github.com/urllib3/urllib3/issues/3020
  warnings.warn(
2026-03-24 18:20:01,391 [INFO] No new settlements
/Users/ikhalid/Library/Python/3.9/lib/python/site-packages/urllib3/__init__.py:35: NotOpenSSLWarning: urllib3 v2 only supports OpenSSL 1.1.1+, currently the 'ssl' module is compiled with 'LibreSSL 2.8.3'. See: https://github.com/urllib3/urllib3/issues/3020
  warnings.warn(
2026-03-24 18:25:01,914 [INFO] No new settlements
/Users/ikhalid/Library/Python/3.9/lib/python/site-packages/urllib3/__init__.py:35: NotOpenSSLWarning: urllib3 v2 only supports OpenSSL 1.1.1+, currently the 'ssl' module is compiled with 'LibreSSL 2.8.3'. See: https://github.com/urllib3/urllib3/issues/3020
  warnings.warn(
2026-03-24 18:30:01,383 [INFO] No new settlements
/Users/ikhalid/Library/Python/3.9/lib/python/site-packages/urllib3/__init__.py:35: NotOpenSSLWarning: urllib3 v2 only supports OpenSSL 1.1.1+, currently the 'ssl' module is compiled with 'LibreSSL 2.8.3'. See: https://github.com/urllib3/urllib3/issues/3020
  warnings.warn(
2026-03-24 18:35:02,033 [INFO] No new settlements
/Users/ikhalid/Library/Python/3.9/lib/python/site-packages/urllib3/__init__.py:35: NotOpenSSLWarning: urllib3 v2 only supports OpenSSL 1.1.1+, currently the 'ssl' module is compiled with 'LibreSSL 2.8.3'. See: https://github.com/urllib3/urllib3/issues/3020
  warnings.warn(
2026-03-24 18:40:01,699 [INFO] No new settlements
/Users/ikhalid/Library/Python/3.9/lib/python/site-packages/urllib3/__init__.py:35: NotOpenSSLWarning: urllib3 v2 only supports OpenSSL 1.1.1+, currently the 'ssl' module is compiled with 'LibreSSL 2.8.3'. See: https://github.com/urllib3/urllib3/issues/3020
  warnings.warn(
2026-03-24 18:52:10,189 [INFO] No new settlements
/Users/ikhalid/Library/Python/3.9/lib/python/site-packages/urllib3/__init__.py:35: NotOpenSSLWarning: urllib3 v2 only supports OpenSSL 1.1.1+, currently the 'ssl' module is compiled with 'LibreSSL 2.8.3'. See: https://github.com/urllib3/urllib3/issues/3020
  warnings.warn(
2026-03-24 19:25:02,082 [INFO] No new settlements
/Users/ikhalid/Library/Python/3.9/lib/python/site-packages/urllib3/__init__.py:35: NotOpenSSLWarning: urllib3 v2 only supports OpenSSL 1.1.1+, currently the 'ssl' module is compiled with 'LibreSSL 2.8.3'. See: https://github.com/urllib3/urllib3/issues/3020
  warnings.warn(
2026-03-24 19:30:01,665 [INFO] No new settlements
/Users/ikhalid/Library/Python/3.9/lib/python/site-packages/urllib3/__init__.py:35: NotOpenSSLWarning: urllib3 v2 only supports OpenSSL 1.1.1+, currently the 'ssl' module is compiled with 'LibreSSL 2.8.3'. See: https://github.com/urllib3/urllib3/issues/3020
  warnings.warn(
2026-03-24 19:35:02,083 [INFO] No new settlements
/Users/ikhalid/Library/Python/3.9/lib/python/site-packages/urllib3/__init__.py:35: NotOpenSSLWarning: urllib3 v2 only supports OpenSSL 1.1.1+, currently the 'ssl' module is compiled with 'LibreSSL 2.8.3'. See: https://github.com/urllib3/urllib3/issues/3020
  warnings.warn(
2026-03-24 19:40:01,842 [INFO] No new settlements
/Users/ikhalid/Library/Python/3.9/lib/python/site-packages/urllib3/__init__.py:35: NotOpenSSLWarning: urllib3 v2 only supports OpenSSL 1.1.1+, currently the 'ssl' module is compiled with 'LibreSSL 2.8.3'. See: https://github.com/urllib3/urllib3/issues/3020
  warnings.warn(
2026-03-24 19:45:01,351 [INFO] No new settlements
/Users/ikhalid/Library/Python/3.9/lib/python/site-packages/urllib3/__init__.py:35: NotOpenSSLWarning: urllib3 v2 only supports OpenSSL 1.1.1+, currently the 'ssl' module is compiled with 'LibreSSL 2.8.3'. See: https://github.com/urllib3/urllib3/issues/3020
  warnings.warn(
2026-03-24 19:50:02,006 [INFO] No new settlements
/Users/ikhalid/Library/Python/3.9/lib/python/site-packages/urllib3/__init__.py:35: NotOpenSSLWarning: urllib3 v2 only supports OpenSSL 1.1.1+, currently the 'ssl' module is compiled with 'LibreSSL 2.8.3'. See: https://github.com/urllib3/urllib3/issues/3020
  warnings.warn(
2026-03-24 19:55:01,724 [INFO] No new settlements
/Users/ikhalid/Library/Python/3.9/lib/python/site-packages/urllib3/__init__.py:35: NotOpenSSLWarning: urllib3 v2 only supports OpenSSL 1.1.1+, currently the 'ssl' module is compiled with 'LibreSSL 2.8.3'. See: https://github.com/urllib3/urllib3/issues/3020
  warnings.warn(
2026-03-24 20:00:01,645 [INFO] No new settlements
/Users/ikhalid/Library/Python/3.9/lib/python/site-packages/urllib3/__init__.py:35: NotOpenSSLWarning: urllib3 v2 only supports OpenSSL 1.1.1+, currently the 'ssl' module is compiled with 'LibreSSL 2.8.3'. See: https://github.com/urllib3/urllib3/issues/3020
  warnings.warn(
2026-03-24 20:05:02,373 [INFO] No new settlements
/Users/ikhalid/Library/Python/3.9/lib/python/site-packages/urllib3/__init__.py:35: NotOpenSSLWarning: urllib3 v2 only supports OpenSSL 1.1.1+, currently the 'ssl' module is compiled with 'LibreSSL 2.8.3'. See: https://github.com/urllib3/urllib3/issues/3020
  warnings.warn(
2026-03-25 08:05:51,668 [INFO] No new settlements
/Users/ikhalid/Library/Python/3.9/lib/python/site-packages/urllib3/__init__.py:35: NotOpenSSLWarning: urllib3 v2 only supports OpenSSL 1.1.1+, currently the 'ssl' module is compiled with 'LibreSSL 2.8.3'. See: https://github.com/urllib3/urllib3/issues/3020
  warnings.warn(
2026-03-25 09:55:01,851 [INFO] No new settlements
/Users/ikhalid/Library/Python/3.9/lib/python/site-packages/urllib3/__init__.py:35: NotOpenSSLWarning: urllib3 v2 only supports OpenSSL 1.1.1+, currently the 'ssl' module is compiled with 'LibreSSL 2.8.3'. See: https://github.com/urllib3/urllib3/issues/3020
  warnings.warn(
2026-03-25 10:00:01,595 [INFO] No new settlements
/Users/ikhalid/Library/Python/3.9/lib/python/site-packages/urllib3/__init__.py:35: NotOpenSSLWarning: urllib3 v2 only supports OpenSSL 1.1.1+, currently the 'ssl' module is compiled with 'LibreSSL 2.8.3'. See: https://github.com/urllib3/urllib3/issues/3020
  warnings.warn(
2026-03-25 10:05:02,523 [INFO] No new settlements
/Users/ikhalid/Library/Python/3.9/lib/python/site-packages/urllib3/__init__.py:35: NotOpenSSLWarning: urllib3 v2 only supports OpenSSL 1.1.1+, currently the 'ssl' module is compiled with 'LibreSSL 2.8.3'. See: https://github.com/urllib3/urllib3/issues/3020
  warnings.warn(
2026-03-25 10:10:09,634 [INFO] No new settlements
/Users/ikhalid/Library/Python/3.9/lib/python/site-packages/urllib3/__init__.py:35: NotOpenSSLWarning: urllib3 v2 only supports OpenSSL 1.1.1+, currently the 'ssl' module is compiled with 'LibreSSL 2.8.3'. See: https://github.com/urllib3/urllib3/issues/3020
  warnings.warn(
2026-03-25 10:15:02,791 [INFO] No new settlements
/Users/ikhalid/Library/Python/3.9/lib/python/site-packages/urllib3/__init__.py:35: NotOpenSSLWarning: urllib3 v2 only supports OpenSSL 1.1.1+, currently the 'ssl' module is compiled with 'LibreSSL 2.8.3'. See: https://github.com/urllib3/urllib3/issues/3020
  warnings.warn(
2026-03-25 10:22:49,775 [INFO] No new settlements
/Users/ikhalid/Library/Python/3.9/lib/python/site-packages/urllib3/__init__.py:35: NotOpenSSLWarning: urllib3 v2 only supports OpenSSL 1.1.1+, currently the 'ssl' module is compiled with 'LibreSSL 2.8.3'. See: https://github.com/urllib3/urllib3/issues/3020
  warnings.warn(
2026-03-25 10:25:02,369 [INFO] No new settlements
/Users/ikhalid/Library/Python/3.9/lib/python/site-packages/urllib3/__init__.py:35: NotOpenSSLWarning: urllib3 v2 only supports OpenSSL 1.1.1+, currently the 'ssl' module is compiled with 'LibreSSL 2.8.3'. See: https://github.com/urllib3/urllib3/issues/3020
  warnings.warn(
2026-03-25 10:30:01,648 [INFO] No new settlements
/Users/ikhalid/Library/Python/3.9/lib/python/site-packages/urllib3/__init__.py:35: NotOpenSSLWarning: urllib3 v2 only supports OpenSSL 1.1.1+, currently the 'ssl' module is compiled with 'LibreSSL 2.8.3'. See: https://github.com/urllib3/urllib3/issues/3020
  warnings.warn(
2026-03-25 10:35:02,322 [INFO] No new settlements
/Users/ikhalid/Library/Python/3.9/lib/python/site-packages/urllib3/__init__.py:35: NotOpenSSLWarning: urllib3 v2 only supports OpenSSL 1.1.1+, currently the 'ssl' module is compiled with 'LibreSSL 2.8.3'. See: https://github.com/urllib3/urllib3/issues/3020
  warnings.warn(
2026-03-25 10:40:02,006 [INFO] No new settlements
/Users/ikhalid/Library/Python/3.9/lib/python/site-packages/urllib3/__init__.py:35: NotOpenSSLWarning: urllib3 v2 only supports OpenSSL 1.1.1+, currently the 'ssl' module is compiled with 'LibreSSL 2.8.3'. See: https://github.com/urllib3/urllib3/issues/3020
  warnings.warn(
2026-03-25 10:45:01,647 [INFO] No new settlements
/Users/ikhalid/Library/Python/3.9/lib/python/site-packages/urllib3/__init__.py:35: NotOpenSSLWarning: urllib3 v2 only supports OpenSSL 1.1.1+, currently the 'ssl' module is compiled with 'LibreSSL 2.8.3'. See: https://github.com/urllib3/urllib3/issues/3020
  warnings.warn(
2026-03-25 10:54:29,774 [INFO] No new settlements
/Users/ikhalid/Library/Python/3.9/lib/python/site-packages/urllib3/__init__.py:35: NotOpenSSLWarning: urllib3 v2 only supports OpenSSL 1.1.1+, currently the 'ssl' module is compiled with 'LibreSSL 2.8.3'. See: https://github.com/urllib3/urllib3/issues/3020
  warnings.warn(
2026-03-25 10:55:02,193 [INFO] No new settlements
/Users/ikhalid/Library/Python/3.9/lib/python/site-packages/urllib3/__init__.py:35: NotOpenSSLWarning: urllib3 v2 only supports OpenSSL 1.1.1+, currently the 'ssl' module is compiled with 'LibreSSL 2.8.3'. See: https://github.com/urllib3/urllib3/issues/3020
  warnings.warn(
2026-03-25 11:15:09,129 [INFO] No new settlements
/Users/ikhalid/Library/Python/3.9/lib/python/site-packages/urllib3/__init__.py:35: NotOpenSSLWarning: urllib3 v2 only supports OpenSSL 1.1.1+, currently the 'ssl' module is compiled with 'LibreSSL 2.8.3'. See: https://github.com/urllib3/urllib3/issues/3020
  warnings.warn(
2026-03-25 11:20:02,293 [INFO] No new settlements
/Users/ikhalid/Library/Python/3.9/lib/python/site-packages/urllib3/__init__.py:35: NotOpenSSLWarning: urllib3 v2 only supports OpenSSL 1.1.1+, currently the 'ssl' module is compiled with 'LibreSSL 2.8.3'. See: https://github.com/urllib3/urllib3/issues/3020
  warnings.warn(
2026-03-25 11:25:02,248 [INFO] No new settlements
/Users/ikhalid/Library/Python/3.9/lib/python/site-packages/urllib3/__init__.py:35: NotOpenSSLWarning: urllib3 v2 only supports OpenSSL 1.1.1+, currently the 'ssl' module is compiled with 'LibreSSL 2.8.3'. See: https://github.com/urllib3/urllib3/issues/3020
  warnings.warn(
2026-03-25 11:30:02,352 [INFO] No new settlements
/Users/ikhalid/Library/Python/3.9/lib/python/site-packages/urllib3/__init__.py:35: NotOpenSSLWarning: urllib3 v2 only supports OpenSSL 1.1.1+, currently the 'ssl' module is compiled with 'LibreSSL 2.8.3'. See: https://github.com/urllib3/urllib3/issues/3020
  warnings.warn(
2026-03-25 11:35:02,450 [INFO] No new settlements
/Users/ikhalid/Library/Python/3.9/lib/python/site-packages/urllib3/__init__.py:35: NotOpenSSLWarning: urllib3 v2 only supports OpenSSL 1.1.1+, currently the 'ssl' module is compiled with 'LibreSSL 2.8.3'. See: https://github.com/urllib3/urllib3/issues/3020
  warnings.warn(
2026-03-25 11:40:01,627 [INFO] No new settlements
/Users/ikhalid/Library/Python/3.9/lib/python/site-packages/urllib3/__init__.py:35: NotOpenSSLWarning: urllib3 v2 only supports OpenSSL 1.1.1+, currently the 'ssl' module is compiled with 'LibreSSL 2.8.3'. See: https://github.com/urllib3/urllib3/issues/3020
  warnings.warn(
2026-03-25 11:45:01,666 [INFO] No new settlements
/Users/ikhalid/Library/Python/3.9/lib/python/site-packages/urllib3/__init__.py:35: NotOpenSSLWarning: urllib3 v2 only supports OpenSSL 1.1.1+, currently the 'ssl' module is compiled with 'LibreSSL 2.8.3'. See: https://github.com/urllib3/urllib3/issues/3020
  warnings.warn(
2026-03-25 11:50:01,660 [INFO] No new settlements
/Users/ikhalid/Library/Python/3.9/lib/python/site-packages/urllib3/__init__.py:35: NotOpenSSLWarning: urllib3 v2 only supports OpenSSL 1.1.1+, currently the 'ssl' module is compiled with 'LibreSSL 2.8.3'. See: https://github.com/urllib3/urllib3/issues/3020
  warnings.warn(
2026-03-25 11:55:01,645 [INFO] No new settlements
/Users/ikhalid/Library/Python/3.9/lib/python/site-packages/urllib3/__init__.py:35: NotOpenSSLWarning: urllib3 v2 only supports OpenSSL 1.1.1+, currently the 'ssl' module is compiled with 'LibreSSL 2.8.3'. See: https://github.com/urllib3/urllib3/issues/3020
  warnings.warn(
/Users/ikhalid/Library/Python/3.9/lib/python/site-packages/urllib3/__init__.py:35: NotOpenSSLWarning: urllib3 v2 only supports OpenSSL 1.1.1+, currently the 'ssl' module is compiled with 'LibreSSL 2.8.3'. See: https://github.com/urllib3/urllib3/issues/3020
  warnings.warn(
2026-03-25 12:00:00,779 [INFO] Environment: PROD
2026-03-25 12:00:00,913 [INFO] === Daily Trading Run: 2026-03-25 ===
2026-03-25 12:00:01,031 [INFO] Available balance: $190.50
2026-03-25 12:00:01,031 [INFO] Today's budget: $50.00
2026-03-25 12:00:01,031 [INFO] Scanning for crypto & prediction markets...
2026-03-25 12:00:01,584 [INFO] No new settlements
2026-03-25 12:00:01,859 [INFO] Found 466 tradeable short-term markets
2026-03-25 12:00:01,860 [INFO] KXBTC: 40 markets, peak implied=12.5%
2026-03-25 12:00:01,860 [INFO] KXETH: 17 markets, peak implied=47.5%
2026-03-25 12:00:01,861 [INFO] KXBTCD: 189 markets, peak implied=99.5%
2026-03-25 12:00:01,862 [INFO] KXETHD: 94 markets, peak implied=99.5%
2026-03-25 12:00:01,863 [INFO] KXSOLD: 96 markets, peak implied=99.5%
2026-03-25 12:00:01,863 [INFO] KXINX: 30 markets, peak implied=27.5%
2026-03-25 12:00:01,864 [INFO]   Allocation: value = $4.60
2026-03-25 12:00:01,864 [INFO]   Allocation: tail = $7.23
2026-03-25 12:00:01,864 [INFO] 
Selected 4 trades (total: $11.83):
2026-03-25 12:00:01,864 [INFO]   YES 10x KXBTCD-26MAR2517-T70899.99 @ 46c = $4.60 | Bitcoin price  on Mar 25, 2026?
2026-03-25 12:00:01,864 [INFO]   YES 13x KXBTCD-26MAR2717-T73399.99 @ 19c = $2.47 | Bitcoin price  on Mar 27, 2026?
2026-03-25 12:00:01,864 [INFO]   YES 13x KXETH-26MAR2717-B2170 @ 18c = $2.34 | Ethereum price at Mar 27, 2026 at 5pm EDT?
2026-03-25 12:00:01,865 [INFO]   YES 22x KXINX-26MAR27H1600-B6662 @ 11c = $2.42 | Will the S&P 500 be between 6650 and 6674.9999 on Mar 27, 20
2026-03-25 12:00:01,865 [INFO]   [VALUE] YES 10x KXBTCD-26MAR2517-T70899.99 @ 46c ($4.60) | win%=47% | Value (47%) @ bid, spread=2c, vol=31914
2026-03-25 12:00:01,905 [INFO]     -> Placed (id=530da1b3-c6f6-4d23-bd54-5ac8a4bcc3f2, filled=10.00)
2026-03-25 12:00:01,905 [INFO]   [TAIL] YES 13x KXBTCD-26MAR2717-T73399.99 @ 19c ($2.47) | win%=21% | Tail (18%) high-vol=3664, 1:$4 payoff
2026-03-25 12:00:01,952 [INFO]     -> Placed (id=a539627c-d980-4ef3-b6f0-3872f3000fa7, filled=13.00)
2026-03-25 12:00:01,953 [INFO]   [TAIL] YES 13x KXETH-26MAR2717-B2170 @ 18c ($2.34) | win%=20% | Tail (18%) high-vol=719, 1:$5 payoff
2026-03-25 12:00:01,997 [INFO]     -> Placed (id=71dbfbe6-5948-4821-b32e-6d1f6c9090cc, filled=13.00)
2026-03-25 12:00:01,997 [INFO]   [TAIL] YES 22x KXINX-26MAR27H1600-B6662 @ 11c ($2.42) | win%=12% | Tail (11%) high-vol=1308, 1:$8 payoff
2026-03-25 12:00:02,040 [INFO]     -> Placed (id=6b8663f5-e828-4bdf-877e-cebdcfd95165, filled=3.00)
2026-03-25 12:00:02,040 [INFO] 
=== Summary ===
2026-03-25 12:00:02,041 [INFO] Trades placed: 4/4
2026-03-25 12:00:02,041 [INFO] Failed: 0
2026-03-25 12:00:02,041 [INFO] Total spent: $11.83
2026-03-25 12:00:02,043 [INFO] Trade log saved: /Users/ikhalid/kalshi-bot/logs/trades_2026-03-25.json
/Users/ikhalid/Library/Python/3.9/lib/python/site-packages/urllib3/__init__.py:35: NotOpenSSLWarning: urllib3 v2 only supports OpenSSL 1.1.1+, currently the 'ssl' module is compiled with 'LibreSSL 2.8.3'. See: https://github.com/urllib3/urllib3/issues/3020
  warnings.warn(
2026-03-25 12:05:02,346 [INFO] No new settlements
/Users/ikhalid/Library/Python/3.9/lib/python/site-packages/urllib3/__init__.py:35: NotOpenSSLWarning: urllib3 v2 only supports OpenSSL 1.1.1+, currently the 'ssl' module is compiled with 'LibreSSL 2.8.3'. See: https://github.com/urllib3/urllib3/issues/3020
  warnings.warn(
2026-03-25 12:10:02,348 [INFO] No new settlements
/Users/ikhalid/Library/Python/3.9/lib/python/site-packages/urllib3/__init__.py:35: NotOpenSSLWarning: urllib3 v2 only supports OpenSSL 1.1.1+, currently the 'ssl' module is compiled with 'LibreSSL 2.8.3'. See: https://github.com/urllib3/urllib3/issues/3020
  warnings.warn(
2026-03-25 12:52:39,706 [INFO] No new settlements
/Users/ikhalid/Library/Python/3.9/lib/python/site-packages/urllib3/__init__.py:35: NotOpenSSLWarning: urllib3 v2 only supports OpenSSL 1.1.1+, currently the 'ssl' module is compiled with 'LibreSSL 2.8.3'. See: https://github.com/urllib3/urllib3/issues/3020
  warnings.warn(
2026-03-25 12:56:39,114 [INFO] No new settlements
/Users/ikhalid/Library/Python/3.9/lib/python/site-packages/urllib3/__init__.py:35: NotOpenSSLWarning: urllib3 v2 only supports OpenSSL 1.1.1+, currently the 'ssl' module is compiled with 'LibreSSL 2.8.3'. See: https://github.com/urllib3/urllib3/issues/3020
  warnings.warn(
2026-03-25 13:15:02,482 [INFO] No new settlements
/Users/ikhalid/Library/Python/3.9/lib/python/site-packages/urllib3/__init__.py:35: NotOpenSSLWarning: urllib3 v2 only supports OpenSSL 1.1.1+, currently the 'ssl' module is compiled with 'LibreSSL 2.8.3'. See: https://github.com/urllib3/urllib3/issues/3020
  warnings.warn(
2026-03-25 13:23:07,458 [INFO] No new settlements
/Users/ikhalid/Library/Python/3.9/lib/python/site-packages/urllib3/__init__.py:35: NotOpenSSLWarning: urllib3 v2 only supports OpenSSL 1.1.1+, currently the 'ssl' module is compiled with 'LibreSSL 2.8.3'. See: https://github.com/urllib3/urllib3/issues/3020
  warnings.warn(
2026-03-25 13:25:02,191 [INFO] No new settlements
/Users/ikhalid/Library/Python/3.9/lib/python/site-packages/urllib3/__init__.py:35: NotOpenSSLWarning: urllib3 v2 only supports OpenSSL 1.1.1+, currently the 'ssl' module is compiled with 'LibreSSL 2.8.3'. See: https://github.com/urllib3/urllib3/issues/3020
  warnings.warn(
2026-03-25 13:30:02,467 [INFO] No new settlements
/Users/ikhalid/Library/Python/3.9/lib/python/site-packages/urllib3/__init__.py:35: NotOpenSSLWarning: urllib3 v2 only supports OpenSSL 1.1.1+, currently the 'ssl' module is compiled with 'LibreSSL 2.8.3'. See: https://github.com/urllib3/urllib3/issues/3020
  warnings.warn(
2026-03-25 13:35:02,619 [INFO] No new settlements
/Users/ikhalid/Library/Python/3.9/lib/python/site-packages/urllib3/__init__.py:35: NotOpenSSLWarning: urllib3 v2 only supports OpenSSL 1.1.1+, currently the 'ssl' module is compiled with 'LibreSSL 2.8.3'. See: https://github.com/urllib3/urllib3/issues/3020
  warnings.warn(
2026-03-25 13:40:01,926 [INFO] No new settlements
/Users/ikhalid/Library/Python/3.9/lib/python/site-packages/urllib3/__init__.py:35: NotOpenSSLWarning: urllib3 v2 only supports OpenSSL 1.1.1+, currently the 'ssl' module is compiled with 'LibreSSL 2.8.3'. See: https://github.com/urllib3/urllib3/issues/3020
  warnings.warn(
2026-03-25 13:45:02,221 [INFO] No new settlements
/Users/ikhalid/Library/Python/3.9/lib/python/site-packages/urllib3/__init__.py:35: NotOpenSSLWarning: urllib3 v2 only supports OpenSSL 1.1.1+, currently the 'ssl' module is compiled with 'LibreSSL 2.8.3'. See: https://github.com/urllib3/urllib3/issues/3020
  warnings.warn(
2026-03-25 13:50:02,292 [INFO] No new settlements
/Users/ikhalid/Library/Python/3.9/lib/python/site-packages/urllib3/__init__.py:35: NotOpenSSLWarning: urllib3 v2 only supports OpenSSL 1.1.1+, currently the 'ssl' module is compiled with 'LibreSSL 2.8.3'. See: https://github.com/urllib3/urllib3/issues/3020
  warnings.warn(
2026-03-25 13:55:02,270 [INFO] No new settlements
/Users/ikhalid/Library/Python/3.9/lib/python/site-packages/urllib3/__init__.py:35: NotOpenSSLWarning: urllib3 v2 only supports OpenSSL 1.1.1+, currently the 'ssl' module is compiled with 'LibreSSL 2.8.3'. See: https://github.com/urllib3/urllib3/issues/3020
  warnings.warn(
2026-03-25 14:00:02,483 [INFO] No new settlements
/Users/ikhalid/Library/Python/3.9/lib/python/site-packages/urllib3/__init__.py:35: NotOpenSSLWarning: urllib3 v2 only supports OpenSSL 1.1.1+, currently the 'ssl' module is compiled with 'LibreSSL 2.8.3'. See: https://github.com/urllib3/urllib3/issues/3020
  warnings.warn(
2026-03-25 14:05:01,795 [INFO] No new settlements
/Users/ikhalid/Library/Python/3.9/lib/python/site-packages/urllib3/__init__.py:35: NotOpenSSLWarning: urllib3 v2 only supports OpenSSL 1.1.1+, currently the 'ssl' module is compiled with 'LibreSSL 2.8.3'. See: https://github.com/urllib3/urllib3/issues/3020
  warnings.warn(
2026-03-25 14:10:01,963 [INFO] No new settlements
/Users/ikhalid/Library/Python/3.9/lib/python/site-packages/urllib3/__init__.py:35: NotOpenSSLWarning: urllib3 v2 only supports OpenSSL 1.1.1+, currently the 'ssl' module is compiled with 'LibreSSL 2.8.3'. See: https://github.com/urllib3/urllib3/issues/3020
  warnings.warn(
2026-03-25 14:15:02,069 [INFO] No new settlements
/Users/ikhalid/Library/Python/3.9/lib/python/site-packages/urllib3/__init__.py:35: NotOpenSSLWarning: urllib3 v2 only supports OpenSSL 1.1.1+, currently the 'ssl' module is compiled with 'LibreSSL 2.8.3'. See: https://github.com/urllib3/urllib3/issues/3020
  warnings.warn(
2026-03-25 14:20:02,572 [INFO] No new settlements
/Users/ikhalid/Library/Python/3.9/lib/python/site-packages/urllib3/__init__.py:35: NotOpenSSLWarning: urllib3 v2 only supports OpenSSL 1.1.1+, currently the 'ssl' module is compiled with 'LibreSSL 2.8.3'. See: https://github.com/urllib3/urllib3/issues/3020
  warnings.warn(
2026-03-25 14:25:02,350 [INFO] No new settlements
/Users/ikhalid/Library/Python/3.9/lib/python/site-packages/urllib3/__init__.py:35: NotOpenSSLWarning: urllib3 v2 only supports OpenSSL 1.1.1+, currently the 'ssl' module is compiled with 'LibreSSL 2.8.3'. See: https://github.com/urllib3/urllib3/issues/3020
  warnings.warn(
2026-03-25 14:30:02,273 [INFO] No new settlements
/Users/ikhalid/Library/Python/3.9/lib/python/site-packages/urllib3/__init__.py:35: NotOpenSSLWarning: urllib3 v2 only supports OpenSSL 1.1.1+, currently the 'ssl' module is compiled with 'LibreSSL 2.8.3'. See: https://github.com/urllib3/urllib3/issues/3020
  warnings.warn(
2026-03-25 14:35:02,227 [INFO] No new settlements
/Users/ikhalid/Library/Python/3.9/lib/python/site-packages/urllib3/__init__.py:35: NotOpenSSLWarning: urllib3 v2 only supports OpenSSL 1.1.1+, currently the 'ssl' module is compiled with 'LibreSSL 2.8.3'. See: https://github.com/urllib3/urllib3/issues/3020
  warnings.warn(
2026-03-25 14:40:02,168 [INFO] No new settlements
/Users/ikhalid/Library/Python/3.9/lib/python/site-packages/urllib3/__init__.py:35: NotOpenSSLWarning: urllib3 v2 only supports OpenSSL 1.1.1+, currently the 'ssl' module is compiled with 'LibreSSL 2.8.3'. See: https://github.com/urllib3/urllib3/issues/3020
  warnings.warn(
2026-03-25 14:45:02,019 [INFO] No new settlements
/Users/ikhalid/Library/Python/3.9/lib/python/site-packages/urllib3/__init__.py:35: NotOpenSSLWarning: urllib3 v2 only supports OpenSSL 1.1.1+, currently the 'ssl' module is compiled with 'LibreSSL 2.8.3'. See: https://github.com/urllib3/urllib3/issues/3020
  warnings.warn(
2026-03-25 14:50:01,980 [INFO] No new settlements
/Users/ikhalid/Library/Python/3.9/lib/python/site-packages/urllib3/__init__.py:35: NotOpenSSLWarning: urllib3 v2 only supports OpenSSL 1.1.1+, currently the 'ssl' module is compiled with 'LibreSSL 2.8.3'. See: https://github.com/urllib3/urllib3/issues/3020
  warnings.warn(
2026-03-25 14:55:01,766 [INFO] No new settlements
/Users/ikhalid/Library/Python/3.9/lib/python/site-packages/urllib3/__init__.py:35: NotOpenSSLWarning: urllib3 v2 only supports OpenSSL 1.1.1+, currently the 'ssl' module is compiled with 'LibreSSL 2.8.3'. See: https://github.com/urllib3/urllib3/issues/3020
  warnings.warn(
2026-03-25 15:00:01,638 [INFO] No new settlements
/Users/ikhalid/Library/Python/3.9/lib/python/site-packages/urllib3/__init__.py:35: NotOpenSSLWarning: urllib3 v2 only supports OpenSSL 1.1.1+, currently the 'ssl' module is compiled with 'LibreSSL 2.8.3'. See: https://github.com/urllib3/urllib3/issues/3020
  warnings.warn(
2026-03-25 15:05:02,452 [INFO] No new settlements
